// Jest Snapshot v1, https://goo.gl/fbAQLP

exports[`Person Details renders successfully 1`] = `
Object {
  "asFragment": [Function],
  "baseElement": <body>
    <div
      id="chakra-toast-portal"
    >
      <ul
        id="chakra-toast-manager-top"
        style="position: fixed; z-index: 5500; pointer-events: none; display: flex; flex-direction: column; margin: 0px auto;"
      />
      <ul
        id="chakra-toast-manager-top-left"
        style="position: fixed; z-index: 5500; pointer-events: none; display: flex; flex-direction: column;"
      />
      <ul
        id="chakra-toast-manager-top-right"
        style="position: fixed; z-index: 5500; pointer-events: none; display: flex; flex-direction: column;"
      />
      <ul
        id="chakra-toast-manager-bottom-left"
        style="position: fixed; z-index: 5500; pointer-events: none; display: flex; flex-direction: column;"
      />
      <ul
        id="chakra-toast-manager-bottom"
        style="position: fixed; z-index: 5500; pointer-events: none; display: flex; flex-direction: column; margin: 0px auto;"
      />
      <ul
        id="chakra-toast-manager-bottom-right"
        style="position: fixed; z-index: 5500; pointer-events: none; display: flex; flex-direction: column;"
      />
    </div>
    <div>
      <button
        class="chakra-button css-5c2176"
        type="button"
      >
        Back
      </button>
      <div
        class="css-gmuwbf"
      >
        <div
          class="css-16hc176"
        >
          <div
            class="chakra-stack css-n21gh5"
          >
            <div
              class="css-gg4vpm"
            >
              <h2
                class="chakra-heading css-1r8d57x"
              />
            </div>
            <p
              class="chakra-text css-13ub55k"
            >
              height: 
            </p>
            <h2
              class="chakra-heading css-1r8d57x"
            />
            <p
              class="chakra-text css-ax9bdp"
            >
               mass: 
            </p>
          </div>
          <div
            class="chakra-stack css-v0cdwd"
          >
            <div
              class="chakra-stack css-1r2fu7y"
            >
              <p
                class="chakra-text css-11inmed"
              >
                Home World: 
              </p>
              <p
                class="chakra-text css-ax9bdp"
              >
                Population: 
              </p>
              <p
                class="chakra-text css-ax9bdp"
              >
                Terrain: 
              </p>
            </div>
          </div>
        </div>
      </div>
    </div>
  </body>,
  "container": <div>
    <button
      class="chakra-button css-5c2176"
      type="button"
    >
      Back
    </button>
    <div
      class="css-gmuwbf"
    >
      <div
        class="css-16hc176"
      >
        <div
          class="chakra-stack css-n21gh5"
        >
          <div
            class="css-gg4vpm"
          >
            <h2
              class="chakra-heading css-1r8d57x"
            />
          </div>
          <p
            class="chakra-text css-13ub55k"
          >
            height: 
          </p>
          <h2
            class="chakra-heading css-1r8d57x"
          />
          <p
            class="chakra-text css-ax9bdp"
          >
             mass: 
          </p>
        </div>
        <div
          class="chakra-stack css-v0cdwd"
        >
          <div
            class="chakra-stack css-1r2fu7y"
          >
            <p
              class="chakra-text css-11inmed"
            >
              Home World: 
            </p>
            <p
              class="chakra-text css-ax9bdp"
            >
              Population: 
            </p>
            <p
              class="chakra-text css-ax9bdp"
            >
              Terrain: 
            </p>
          </div>
        </div>
      </div>
    </div>
  </div>,
  "debug": [Function],
  "findAllByAltText": [Function],
  "findAllByDisplayValue": [Function],
  "findAllByLabelText": [Function],
  "findAllByPlaceholderText": [Function],
  "findAllByRole": [Function],
  "findAllByTestId": [Function],
  "findAllByText": [Function],
  "findAllByTitle": [Function],
  "findByAltText": [Function],
  "findByDisplayValue": [Function],
  "findByLabelText": [Function],
  "findByPlaceholderText": [Function],
  "findByRole": [Function],
  "findByTestId": [Function],
  "findByText": [Function],
  "findByTitle": [Function],
  "getAllByAltText": [Function],
  "getAllByDisplayValue": [Function],
  "getAllByLabelText": [Function],
  "getAllByPlaceholderText": [Function],
  "getAllByRole": [Function],
  "getAllByTestId": [Function],
  "getAllByText": [Function],
  "getAllByTitle": [Function],
  "getByAltText": [Function],
  "getByDisplayValue": [Function],
  "getByLabelText": [Function],
  "getByPlaceholderText": [Function],
  "getByRole": [Function],
  "getByTestId": [Function],
  "getByText": [Function],
  "getByTitle": [Function],
  "queryAllByAltText": [Function],
  "queryAllByDisplayValue": [Function],
  "queryAllByLabelText": [Function],
  "queryAllByPlaceholderText": [Function],
  "queryAllByRole": [Function],
  "queryAllByTestId": [Function],
  "queryAllByText": [Function],
  "queryAllByTitle": [Function],
  "queryByAltText": [Function],
  "queryByDisplayValue": [Function],
  "queryByLabelText": [Function],
  "queryByPlaceholderText": [Function],
  "queryByRole": [Function],
  "queryByTestId": [Function],
  "queryByText": [Function],
  "queryByTitle": [Function],
  "rerender": [Function],
  "unmount": [Function],
}
`;
